// Jest Snapshot v1, https://goo.gl/fbAQLP

exports[`List component should renders List correctly 1`] = `
<div
  className="flex items-center justify-between p-4 border-t border-slate-200 last:border-b"
>
  children
</div>
`;
