// Jest Snapshot v1, https://goo.gl/fbAQLP

exports[`Table components should renders Table correctly 1`] = `
<table
  className="w-full border border-slate-200 border-separate border-spacing-0 rounded-lg"
>
  children
</table>
`;
