// Jest Snapshot v1, https://goo.gl/fbAQLP

exports[`Typography component should renders typography correctly 1`] = `
<p
  className="typography-base typography-paragraph2"
  data-testid="typography"
>
  children
</p>
`;
