// Jest Snapshot v1, https://goo.gl/fbAQLP

exports[`Layout component should renders layout correctly 1`] = `
<main
  className="mx-auto my-6 max-w-7xl"
>
  children
</main>
`;
